
> lab2_mocha_test@1.0.0 test
> mocha



  Calculator Tests
PASS message: add(5,2) should be 7 expected 7 and got 7
    ✔ PASS: add(5,2) should be 7
    1) FAIL: add(5,2) should be 8
PASS message: sub(5,2) should be 3 expected 3 and got 3
    ✔ PASS: sub(5,2) should be 3
    2) FAIL: sub(5,2) should be 5
PASS message: mul(5,2) should be 10 expected 10 and got 10
    ✔ PASS: mul(5,2) should be 10
    3) FAIL: mul(5,2) should be 12
PASS message: div(10,2) should be 5 expected 5 and got 5
    ✔ PASS: div(10,2) should be 5
    4) FAIL: div(10,2) should be 2


  4 passing (8ms)
  4 failing

  1) Calculator Tests
       FAIL: add(5,2) should be 8:

      AssertionError: FAIL message: add(5,2) should be 8 expected 8: expected 7 to equal 8
      + expected - actual

      -7
      +8
      
      at Context.<anonymous> (test\calculator.js:17:89)
      at process.processImmediate (node:internal/timers:485:21)

  2) Calculator Tests
       FAIL: sub(5,2) should be 5:

      AssertionError: FAIL message: sub(5,2) should be 5 expected 5: expected 3 to equal 5
      + expected - actual

      -3
      +5
      
      at Context.<anonymous> (test\calculator.js:17:89)
      at process.processImmediate (node:internal/timers:485:21)

  3) Calculator Tests
       FAIL: mul(5,2) should be 12:

      AssertionError: FAIL message: mul(5,2) should be 12 expected 12: expected 10 to equal 12
      + expected - actual

      -10
      +12
      
      at Context.<anonymous> (test\calculator.js:17:89)
      at process.processImmediate (node:internal/timers:485:21)

  4) Calculator Tests
       FAIL: div(10,2) should be 2:

      AssertionError: FAIL message: div(10,2) should be 2 expected 2: expected 5 to equal 2
      + expected - actual

      -5
      +2
      
      at Context.<anonymous> (test\calculator.js:17:89)
      at process.processImmediate (node:internal/timers:485:21)



